Archive member included to satisfy reference by file (symbol)

c:/program files/microchip/xc32/v4.60/bin/bin/../../lib/gcc/pic32c/8.3.1/../../../../pic32c/lib/thumb/v6-m/nofp\libpic32c.a(data_init.o)
                              build/default/production/_ext/1171490990/startup_xc32.o (__pic32c_data_initialization)
c:/program files/microchip/xc32/v4.60/bin/bin/../../lib/gcc/pic32c/8.3.1/../../../../pic32c/lib/thumb/v6-m/nofp\libc-size-musl.a(memcpy.o)
                              build/default/production/_ext/1593096446/plib_nvmctrl.o (memcpy)
c:/program files/microchip/xc32/v4.60/bin/bin/../../lib/gcc/pic32c/8.3.1/../../../../pic32c/lib/thumb/v6-m/nofp\libm-fast-emfloat.a(sinf.o)
                              build/default/production/i2s_sine_wave.o (sinf)
c:/program files/microchip/xc32/v4.60/bin/bin/../../lib/gcc/pic32c/8.3.1/../../../../pic32c/lib/thumb/v6-m/nofp\libm-fast-emfloat.a(__SEGGER_RTL_float32_SinCos.o)
                              c:/program files/microchip/xc32/v4.60/bin/bin/../../lib/gcc/pic32c/8.3.1/../../../../pic32c/lib/thumb/v6-m/nofp\libm-fast-emfloat.a(sinf.o) (__SEGGER_RTL_float32_SinCos)
c:/program files/microchip/xc32/v4.60/bin/bin/../../lib/gcc/pic32c/8.3.1/../../../../pic32c/lib/thumb/v6-m/nofp\libm-fast-emfloat.a(__aeabi_fadd.o)
                              c:/program files/microchip/xc32/v4.60/bin/bin/../../lib/gcc/pic32c/8.3.1/../../../../pic32c/lib/thumb/v6-m/nofp\libm-fast-emfloat.a(sinf.o) (__aeabi_fadd)
c:/program files/microchip/xc32/v4.60/bin/bin/../../lib/gcc/pic32c/8.3.1/../../../../pic32c/lib/thumb/v6-m/nofp\libm-fast-emfloat.a(__aeabi_fsub.o)
                              c:/program files/microchip/xc32/v4.60/bin/bin/../../lib/gcc/pic32c/8.3.1/../../../../pic32c/lib/thumb/v6-m/nofp\libm-fast-emfloat.a(sinf.o) (__aeabi_fsub)
c:/program files/microchip/xc32/v4.60/bin/bin/../../lib/gcc/pic32c/8.3.1/../../../../pic32c/lib/thumb/v6-m/nofp\libm-fast-emfloat.a(__aeabi_fmul.o)
                              build/default/production/i2s_sine_wave.o (__aeabi_fmul)
c:/program files/microchip/xc32/v4.60/bin/bin/../../lib/gcc/pic32c/8.3.1/../../../../pic32c/lib/thumb/v6-m/nofp\libm-fast-emfloat.a(__aeabi_dmul_aux.o)
                              build/default/production/i2s_sine_wave.o (__aeabi_dmul)
c:/program files/microchip/xc32/v4.60/bin/bin/../../lib/gcc/pic32c/8.3.1/../../../../pic32c/lib/thumb/v6-m/nofp\libm-fast-emfloat.a(__aeabi_fdiv.o)
                              c:/program files/microchip/xc32/v4.60/bin/bin/../../lib/gcc/pic32c/8.3.1/../../../../pic32c/lib/thumb/v6-m/nofp\libm-fast-emfloat.a(sinf.o) (__aeabi_fdiv)
c:/program files/microchip/xc32/v4.60/bin/bin/../../lib/gcc/pic32c/8.3.1/../../../../pic32c/lib/thumb/v6-m/nofp\libm-fast-emfloat.a(__aeabi_ddiv.o)
                              build/default/production/i2s_sine_wave.o (__aeabi_ddiv)
c:/program files/microchip/xc32/v4.60/bin/bin/../../lib/gcc/pic32c/8.3.1/../../../../pic32c/lib/thumb/v6-m/nofp\libm-fast-emfloat.a(__aeabi_f2iz.o)
                              build/default/production/i2s_sine_wave.o (__aeabi_f2iz)
c:/program files/microchip/xc32/v4.60/bin/bin/../../lib/gcc/pic32c/8.3.1/../../../../pic32c/lib/thumb/v6-m/nofp\libm-fast-emfloat.a(__aeabi_i2f.o)
                              c:/program files/microchip/xc32/v4.60/bin/bin/../../lib/gcc/pic32c/8.3.1/../../../../pic32c/lib/thumb/v6-m/nofp\libm-fast-emfloat.a(sinf.o) (__aeabi_i2f)
c:/program files/microchip/xc32/v4.60/bin/bin/../../lib/gcc/pic32c/8.3.1/../../../../pic32c/lib/thumb/v6-m/nofp\libm-fast-emfloat.a(__aeabi_ui2f.o)
                              build/default/production/i2s_sine_wave.o (__aeabi_ui2f)
c:/program files/microchip/xc32/v4.60/bin/bin/../../lib/gcc/pic32c/8.3.1/../../../../pic32c/lib/thumb/v6-m/nofp\libm-fast-emfloat.a(__aeabi_f2d.o)
                              build/default/production/i2s_sine_wave.o (__aeabi_f2d)
c:/program files/microchip/xc32/v4.60/bin/bin/../../lib/gcc/pic32c/8.3.1/../../../../pic32c/lib/thumb/v6-m/nofp\libm-fast-emfloat.a(__aeabi_d2f.o)
                              build/default/production/i2s_sine_wave.o (__aeabi_d2f)
c:/program files/microchip/xc32/v4.60/bin/bin/../../lib/gcc/pic32c/8.3.1/../../../../pic32c/lib/thumb/v6-m/nofp\libm-fast-emfloat.a(__SEGGER_RTL_float32_PolyEvalP.o)
                              c:/program files/microchip/xc32/v4.60/bin/bin/../../lib/gcc/pic32c/8.3.1/../../../../pic32c/lib/thumb/v6-m/nofp\libm-fast-emfloat.a(sinf.o) (__SEGGER_RTL_float32_PolyEvalP)
c:/program files/microchip/xc32/v4.60/bin/bin/../../lib/gcc/pic32c/8.3.1/../../../../pic32c/lib/thumb/v6-m/nofp\libc-musl.a(__libc_start_main.o)
                              build/default/production/_ext/1171490990/startup_xc32.o (__libc_init_array)
c:/program files/microchip/xc32/v4.60/bin/bin/../../lib/gcc/pic32c/8.3.1/../../../../pic32c/lib/thumb/v6-m/nofp\libc-musl.a(__errno_location.o)
[...]
Memory Configuration

Name             Origin             Length             Attributes
rom              0x0000000000000000 0x0000000000040000 xrl
ram              0x0000000020000000 0x0000000000008000 xw !r
config_00804000  0x0000000000804000 0x0000000000000004
config_00804004  0x0000000000804004 0x0000000000000004
*default*        0x0000000000000000 0xffffffffffffffff

Linker script and memory map

LOAD c:/program files/microchip/xc32/v4.60/bin/bin/../../lib/gcc/pic32c/8.3.1/thumb/v6-m/nofp/crti.o
LOAD c:/program files/microchip/xc32/v4.60/bin/bin/../../lib/gcc/pic32c/8.3.1/thumb/v6-m/nofp/crtbegin.o
LOAD build/default/production/_ext/1984496892/plib_clock.o
LOAD build/default/production/_ext/1986646378/plib_evsys.o
LOAD build/default/production/_ext/1865468468/plib_nvic.o
LOAD build/default/production/_ext/1593096446/plib_nvmctrl.o
LOAD build/default/production/_ext/1865521619/plib_port.o
LOAD build/default/production/i2s_init.o
LOAD build/default/production/_ext/163028504/xc32_monitor.o
LOAD build/default/production/_ext/1171490990/libc_syscalls.o
LOAD build/default/production/_ext/1171490990/exceptions.o
LOAD build/default/production/_ext/1171490990/interrupts.o
LOAD build/default/production/_ext/1171490990/startup_xc32.o
LOAD build/default/production/_ext/1171490990/initialization.o
LOAD build/default/production/_ext/1360937237/main.o
LOAD build/default/production/i2s_sine_wave.o
                0x0000000000000001                __MPLAB_BUILD = 0x1
                0x0000000000040000                __rom_end = (ORIGIN (rom) + LENGTH (rom))
                0x0000000020008000                __ram_end = (ORIGIN (ram) + LENGTH (ram))

.config_00804000
                0x0000000000804000        0x4
 *(.config_00804000)
 .config_00804000
                0x0000000000804000        0x4 build/default/production/_ext/1171490990/initialization.o
                0x0000000000804000                __config_00804000

.config_00804004
                0x0000000000804004        0x4
 *(.config_00804004)
 .config_00804004
                0x0000000000804004        0x4 build/default/production/_ext/1171490990/initialization.o
                0x0000000000804004                __config_00804004

.vectors        0x0000000000000000       0xb0
                0x0000000000000000                . = ALIGN (0x4)
                0x0000000000000000                _sfixed = .
 *(.vectors .vectors.* .vectors_default .vectors_default.*)
 .vectors       0x0000000000000000       0xb0 build/default/production/_ext/1171490990/interrupts.o
                0x0000000000000000                exception_table
 *(.isr_vector)
 *(.reset*)
 *(.after_vectors)

.text           0x00000000000000b0       0x20
                0x00000000000000b0                . = ALIGN (0x4)
 *(.glue_7t)
 .glue_7t       0x00000000000000b0        0x0 linker stubs
 *(.glue_7)
 .glue_7        0x00000000000000b0        0x0 linker stubs
 *(.gnu.linkonce.r.*)
 *(.ARM.extab* .gnu.linkonce.armextab.*)
                0x00000000000000b0                . = ALIGN (0x4)
 *(.init)
 .init          0x00000000000000b0        0x4 c:/program files/microchip/xc32/v4.60/bin/bin/../../lib/gcc/pic32c/8.3.1/thumb/v6-m/nofp/crti.o
                0x00000000000000b0                _init
 .init          0x00000000000000b4        0x8 c:/program files/microchip/xc32/v4.60/bin/bin/../../lib/gcc/pic32c/8.3.1/thumb/v6-m/nofp/crtn.o
                0x00000000000000bc                . = ALIGN (0x4)
                0x00000000000000bc                __preinit_array_start = .
 *(.preinit_array)
                0x00000000000000bc                __preinit_array_end = .
                0x00000000000000bc                . = ALIGN (0x4)
                0x00000000000000bc                __init_array_start = .
 *(SORT_BY_NAME(.init_array.*))
 *(.init_array)
 .init_array    0x00000000000000bc        0x4 c:/program files/microchip/xc32/v4.60/bin/bin/../../lib/gcc/pic32c/8.3.1/thumb/v6-m/nofp/crtbegin.o
                0x00000000000000c0                __init_array_end = .
                0x00000000000000c0                . = ALIGN (0x4)
 *crtbegin.o(.ctors)
 *(EXCLUDE_FILE(*crtend.o) .ctors)
 *(SORT_BY_NAME(.ctors.*))
 *crtend.o(.ctors)
                0x00000000000000c0                . = ALIGN (0x4)
 *(.fini)
 .fini          0x00000000000000c0        0x4 c:/program files/microchip/xc32/v4.60/bin/bin/../../lib/gcc/pic32c/8.3.1/thumb/v6-m/nofp/crti.o
                0x00000000000000c0                _fini
 .fini          0x00000000000000c4        0x8 c:/program files/microchip/xc32/v4.60/bin/bin/../../lib/gcc/pic32c/8.3.1/thumb/v6-m/nofp/crtn.o
                0x00000000000000cc                . = ALIGN (0x4)
                0x00000000000000cc                __fini_array_start = .
 *(.fini_array)
 .fini_array    0x00000000000000cc        0x4 c:/program files/microchip/xc32/v4.60/bin/bin/../../lib/gcc/pic32c/8.3.1/thumb/v6-m/nofp/crtbegin.o
 *(SORT_BY_NAME(.fini_array.*))
                0x00000000000000d0                __fini_array_end = .
 *crtbegin.o(.dtors)
 *(EXCLUDE_FILE(*crtend.o) .dtors)
 *(SORT_BY_NAME(.dtors.*))
 *crtend.o(.dtors)
                0x00000000000000d0                . = ALIGN (0x4)
                0x00000000000000d0                _efixed = .
                [!provide]                        PROVIDE (__exidx_start = .)

.ARM.exidx
 *(.ARM.exidx* .gnu.linkonce.armexidx.*)
                [!provide]                        PROVIDE (__exidx_end = .)
                0x00000000000000d0                . = ALIGN (0x4)
                0x00000000000000d0                _etext = .

.bss            0x0000000020000000        0x0
                0x0000000020000000                . = ALIGN (0x4)
                0x0000000020000000                __bss_start__ = .
                0x0000000020000000                _sbss = .
                0x0000000020000000                _szero = .
 *(COMMON)
                0x0000000020000000                . = ALIGN (0x4)
                0x0000000020000000                __bss_end__ = .
                0x0000000020000000                _ebss = .
                0x0000000020000000                _ezero = .
                0x0000000020000000                . = ALIGN (0x4)
                0x0000000020000000                _end = .
                0x0000000020007fff                _ram_end_ = ((ORIGIN (ram) + LENGTH (ram)) - 0x1)
                0x0000000000000200                _min_heap_size = 0x200
START GROUP
LOAD c:/program files/microchip/xc32/v4.60/bin/bin/../../lib/gcc/pic32c/8.3.1/../../../../pic32c/lib/thumb/v6-m/nofp\libpic32c.a
LOAD c:/program files/microchip/xc32/v4.60/bin/bin/../../lib/gcc/pic32c/8.3.1/../../../../pic32c/lib/thumb/v6-m/nofp\libc-size-musl.a
LOAD c:/program files/microchip/xc32/v4.60/bin/bin/../../lib/gcc/pic32c/8.3.1/../../../../pic32c/lib/thumb/v6-m/nofp\liblmalloc-musl.a
LOAD c:/program files/microchip/xc32/v4.60/bin/bin/../../lib/gcc/pic32c/8.3.1/../../../../pic32c/lib/thumb/v6-m/nofp\libm-fast-emfloat.a
LOAD c:/program files/microchip/xc32/v4.60/bin/bin/../../lib/gcc/pic32c/8.3.1/../../../../pic32c/lib/thumb/v6-m/nofp\libm-musl.a
LOAD c:/program files/microchip/xc32/v4.60/bin/bin/../../lib/gcc/pic32c/8.3.1/../../../../pic32c/lib/thumb/v6-m/nofp\libc-musl.a
LOAD c:/program files/microchip/xc32/v4.60/bin/bin/../../lib/gcc/pic32c/8.3.1/../../../../pic32c/lib/thumb/v6-m/nofp\libm-fast-emfloat.a
LOAD c:/program files/microchip/xc32/v4.60/bin/bin/../../lib/gcc/pic32c/8.3.1/../../../../pic32c/lib/thumb/v6-m/nofp\libm-musl.a
LOAD c:/program files/microchip/xc32/v4.60/bin/bin/../../lib/gcc/pic32c/8.3.1/thumb/v6-m/nofp\libgcc.a
END GROUP
LOAD c:/program files/microchip/xc32/v4.60/bin/bin/../../lib/gcc/pic32c/8.3.1/thumb/v6-m/nofp/crtend.o
LOAD c:/program files/microchip/xc32/v4.60/bin/bin/../../lib/gcc/pic32c/8.3.1/thumb/v6-m/nofp/crtn.o
OUTPUT(dist/default/production/PruebaLed1.X.production.elf elf32-littlearm)
LOAD data_init
LOAD stack

.ARM.attributes
                0x0000000000000000       0x2a
 .ARM.attributes
                0x0000000000000000       0x1e c:/program files/microchip/xc32/v4.60/bin/bin/../../lib/gcc/pic32c/8.3.1/thumb/v6-m/nofp/crti.o
 .ARM.attributes
                0x000000000000001e       0x2c c:/program files/microchip/xc32/v4.60/bin/bin/../../lib/gcc/pic32c/8.3.1/thumb/v6-m/nofp/crtbegin.o
 .ARM.attributes
                0x000000000000004a       0x2c build/default/production/_ext/1984496892/plib_clock.o
 .ARM.attributes
                0x0000000000000076       0x2c build/default/production/_ext/1986646378/plib_evsys.o
 .ARM.attributes
                0x00000000000000a2       0x2c build/default/production/_ext/1865468468/plib_nvic.o
 .ARM.attributes
                0x00000000000000ce       0x2c build/default/production/_ext/1593096446/plib_nvmctrl.o
 .ARM.attributes
                0x00000000000000fa       0x2c build/default/production/_ext/1865521619/plib_port.o
 .ARM.attributes
                0x0000000000000126       0x2c build/default/production/i2s_init.o
 .ARM.attributes
                0x0000000000000152       0x2c build/default/production/_ext/163028504/xc32_monitor.o
 .ARM.attributes
                0x000000000000017e       0x2c build/default/production/_ext/1171490990/libc_syscalls.o
 .ARM.attributes
                0x00000000000001aa       0x2c build/default/production/_ext/1171490990/exceptions.o
 .ARM.attributes
                0x00000000000001d6       0x2c build/default/production/_ext/1171490990/interrupts.o
 .ARM.attributes
                0x0000000000000202       0x2c build/default/production/_ext/1171490990/startup_xc32.o
 .ARM.attributes
                0x000000000000022e       0x2c build/default/production/_ext/1171490990/initialization.o
 .ARM.attributes
                0x000000000000025a       0x2c build/default/production/_ext/1360937237/main.o
 .ARM.attributes
                0x0000000000000286       0x2c build/default/production/i2s_sine_wave.o
 .ARM.attributes
                0x00000000000002b2       0x2c c:/program files/microchip/xc32/v4.60/bin/bin/../../lib/gcc/pic32c/8.3.1/../../../../pic32c/lib/thumb/v6-m/nofp\libpic32c.a(data_init.o)
 .ARM.attributes
                0x00000000000002de       0x2e c:/program files/microchip/xc32/v4.60/bin/bin/../../lib/gcc/pic32c/8.3.1/../../../../pic32c/lib/thumb/v6-m/nofp\libc-size-musl.a(memcpy.o)
 .ARM.attributes
                0x000000000000030c       0x2c c:/program files/microchip/xc32/v4.60/bin/bin/../../lib/gcc/pic32c/8.3.1/../../../../pic32c/lib/thumb/v6-m/nofp\libm-fast-emfloat.a(sinf.o)
 .ARM.attributes
                0x0000000000000338       0x2c c:/program files/microchip/xc32/v4.60/bin/bin/../../lib/gcc/pic32c/8.3.1/../../../../pic32c/lib/thumb/v6-m/nofp\libm-fast-emfloat.a(__SEGGER_RTL_float32_SinCos.o)
 .ARM.attributes
                0x0000000000000364       0x1c c:/program files/microchip/xc32/v4.60/bin/bin/../../lib/gcc/pic32c/8.3.1/../../../../pic32c/lib/thumb/v6-m/nofp\libm-fast-emfloat.a(__aeabi_fadd.o)
 .ARM.attributes
                0x0000000000000380       0x1c c:/program files/microchip/xc32/v4.60/bin/bin/../../lib/gcc/pic32c/8.3.1/../../../../pic32c/lib/thumb/v6-m/nofp\libm-fast-emfloat.a(__aeabi_fsub.o)
 .ARM.attributes
                0x000000000000039c       0x1c c:/program files/microchip/xc32/v4.60/bin/bin/../../lib/gcc/pic32c/8.3.1/../../../../pic32c/lib/thumb/v6-m/nofp\libm-fast-emfloat.a(__aeabi_fmul.o)
 .ARM.attributes
                0x00000000000003b8       0x1c c:/program files/microchip/xc32/v4.60/bin/bin/../../lib/gcc/pic32c/8.3.1/../../../../pic32c/lib/thumb/v6-m/nofp\libm-fast-emfloat.a(__aeabi_dmul_aux.o)
 .ARM.attributes
                0x00000000000003d4       0x1c c:/program files/microchip/xc32/v4.60/bin/bin/../../lib/gcc/pic32c/8.3.1/../../../../pic32c/lib/thumb/v6-m/nofp\libm-fast-emfloat.a(__aeabi_fdiv.o)
 .ARM.attributes
                0x00000000000003f0       0x1c c:/program files/microchip/xc32/v4.60/bin/bin/../../lib/gcc/pic32c/8.3.1/../../../../pic32c/lib/thumb/v6-m/nofp\libm-fast-emfloat.a(__aeabi_ddiv.o)
 .ARM.attributes
                0x000000000000040c       0x1c c:/program files/microchip/xc32/v4.60/bin/bin/../../lib/gcc/pic32c/8.3.1/../../../../pic32c/lib/thumb/v6-m/nofp\libm-fast-emfloat.a(__aeabi_f2iz.o)
 .ARM.attributes
                0x0000000000000428       0x1c c:/program files/microchip/xc32/v4.60/bin/bin/../../lib/gcc/pic32c/8.3.1/../../../../pic32c/lib/thumb/v6-m/nofp\libm-fast-emfloat.a(__aeabi_i2f.o)
 .ARM.attributes
                0x0000000000000444       0x1c c:/program files/microchip/xc32/v4.60/bin/bin/../../lib/gcc/pic32c/8.3.1/../../../../pic32c/lib/thumb/v6-m/nofp\libm-fast-emfloat.a(__aeabi_ui2f.o)
 .ARM.attributes
                0x0000000000000460       0x1c c:/program files/microchip/xc32/v4.60/bin/bin/../../lib/gcc/pic32c/8.3.1/../../../../pic32c/lib/thumb/v6-m/nofp\libm-fast-emfloat.a(__aeabi_f2d.o)
 .ARM.attributes
                0x000000000000047c       0x1c c:/program files/microchip/xc32/v4.60/bin/bin/../../lib/gcc/pic32c/8.3.1/../../../../pic32c/lib/thumb/v6-m/nofp\libm-fast-emfloat.a(__aeabi_d2f.o)
 .ARM.attributes
                0x0000000000000498       0x2c c:/program files/microchip/xc32/v4.60/bin/bin/../../lib/gcc/pic32c/8.3.1/../../../../pic32c/lib/thumb/v6-m/nofp\libm-fast-emfloat.a(__SEGGER_RTL_float32_PolyEvalP.o)
 .ARM.attributes
                0x00000000000004c4       0x2e c:/program files/microchip/xc32/v4.60/bin/bin/../../lib/gcc/pic32c/8.3.1/../../../../pic32c/lib/thumb/v6-m/nofp\libc-musl.a(__libc_start_main.o)
 .ARM.attributes
                0x00000000000004f2       0x2e c:/program files/microchip/xc32/v4.60/bin/bin/../../lib/gcc/pic32c/8.3.1/../../../../pic32c/lib/thumb/v6-m/nofp\libc-musl.a(__errno_location.o)
 .ARM.attributes
                0x0000000000000520       0x2e c:/program files/microchip/xc32/v4.60/bin/bin/../../lib/gcc/pic32c/8.3.1/../../../../pic32c/lib/thumb/v6-m/nofp\libc-musl.a(libc.o)
 .ARM.attributes
                0x000000000000054e       0x2e c:/program files/microchip/xc32/v4.60/bin/bin/../../lib/gcc/pic32c/8.3.1/../../../../pic32c/lib/thumb/v6-m/nofp\libc-musl.a(__environ.o)
 .ARM.attributes
                0x000000000000057c       0x1e c:/program files/microchip/xc32/v4.60/bin/bin/../../lib/gcc/pic32c/8.3.1/thumb/v6-m/nofp\libgcc.a(_udivsi3.o)
 .ARM.attributes
                0x000000000000059a       0x1e c:/program files/microchip/xc32/v4.60/bin/bin/../../lib/gcc/pic32c/8.3.1/thumb/v6-m/nofp\libgcc.a(_dvmd_tls.o)
 .ARM.attributes
                0x00000000000005b8       0x2c c:/program files/microchip/xc32/v4.60/bin/bin/../../lib/gcc/pic32c/8.3.1/thumb/v6-m/nofp/crtend.o
 .ARM.attributes
                0x00000000000005e4       0x1e c:/program files/microchip/xc32/v4.60/bin/bin/../../lib/gcc/pic32c/8.3.1/thumb/v6-m/nofp/crtn.o
 .ARM.attributes
                0x0000000000000602       0x2c c:/program files/microchip/xc32/v4.60/bin/bin/../../lib/gcc/pic32c/8.3.1/../../../../pic32c/lib/thumb/v6-m/nofp\libpic32c.a(pic32_data_init_clear.o)
 .ARM.attributes
                0x000000000000062e       0x2c c:/program files/microchip/xc32/v4.60/bin/bin/../../lib/gcc/pic32c/8.3.1/../../../../pic32c/lib/thumb/v6-m/nofp\libpic32c.a(pic32_data_init_copy.o)

.comment        0x0000000000000000       0x2b
 .comment       0x0000000000000000       0x2b c:/program files/microchip/xc32/v4.60/bin/bin/../../lib/gcc/pic32c/8.3.1/thumb/v6-m/nofp/crtbegin.o
                                         0x2c (size before relaxing)
 .comment       0x000000000000002b       0x2c build/default/production/_ext/1984496892/plib_clock.o
 .comment       0x000000000000002b       0x2c build/default/production/_ext/1986646378/plib_evsys.o
 .comment       0x000000000000002b       0x2c build/default/production/_ext/1865468468/plib_nvic.o
 .comment       0x000000000000002b       0x2c build/default/production/_ext/1593096446/plib_nvmctrl.o
 .comment       0x000000000000002b       0x2c build/default/production/_ext/1865521619/plib_port.o
 .comment       0x000000000000002b       0x2c build/default/production/i2s_init.o
 .comment       0x000000000000002b       0x2c build/default/production/_ext/163028504/xc32_monitor.o
 .comment       0x000000000000002b       0x2c build/default/production/_ext/1171490990/libc_syscalls.o
 .comment       0x000000000000002b       0x2c build/default/production/_ext/1171490990/exceptions.o
 .comment       0x000000000000002b       0x2c build/default/production/_ext/1171490990/interrupts.o
 .comment       0x000000000000002b       0x2c build/default/production/_ext/1171490990/startup_xc32.o
 .comment       0x000000000000002b       0x2c build/default/production/_ext/1171490990/initialization.o
 .comment       0x000000000000002b       0x2c build/default/production/_ext/1360937237/main.o
 .comment       0x000000000000002b       0x2c build/default/production/i2s_sine_wave.o
 .comment       0x000000000000002b       0x2c c:/program files/microchip/xc32/v4.60/bin/bin/../../lib/gcc/pic32c/8.3.1/../../../../pic32c/lib/thumb/v6-m/nofp\libpic32c.a(data_init.o)
 .comment       0x000000000000002b       0x2c c:/program files/microchip/xc32/v4.60/bin/bin/../../lib/gcc/pic32c/8.3.1/../../../../pic32c/lib/thumb/v6-m/nofp\libc-size-musl.a(memcpy.o)
 .comment       0x000000000000002b       0x2c c:/program files/microchip/xc32/v4.60/bin/bin/../../lib/gcc/pic32c/8.3.1/../../../../pic32c/lib/thumb/v6-m/nofp\libm-fast-emfloat.a(sinf.o)
 .comment       0x000000000000002b       0x2c c:/program files/microchip/xc32/v4.60/bin/bin/../../lib/gcc/pic32c/8.3.1/../../../../pic32c/lib/thumb/v6-m/nofp\libm-fast-emfloat.a(__SEGGER_RTL_float32_SinCos.o)
 .comment       0x000000000000002b       0x2c c:/program files/microchip/xc32/v4.60/bin/bin/../../lib/gcc/pic32c/8.3.1/../../../../pic32c/lib/thumb/v6-m/nofp\libm-fast-emfloat.a(__SEGGER_RTL_float32_PolyEvalP.o)
 .comment       0x000000000000002b       0x2c c:/program files/microchip/xc32/v4.60/bin/bin/../../lib/gcc/pic32c/8.3.1/../../../../pic32c/lib/thumb/v6-m/nofp\libc-musl.a(__libc_start_main.o)
 .comment       0x000000000000002b       0x2c c:/program files/microchip/xc32/v4.60/bin/bin/../../lib/gcc/pic32c/8.3.1/../../../../pic32c/lib/thumb/v6-m/nofp\libc-musl.a(__errno_location.o)
 .comment       0x000000000000002b       0x2c c:/program files/microchip/xc32/v4.60/bin/bin/../../lib/gcc/pic32c/8.3.1/../../../../pic32c/lib/thumb/v6-m/nofp\libc-musl.a(libc.o)
 .comment       0x000000000000002b       0x2c c:/program files/microchip/xc32/v4.60/bin/bin/../../lib/gcc/pic32c/8.3.1/../../../../pic32c/lib/thumb/v6-m/nofp\libc-musl.a(__environ.o)
 .comment       0x000000000000002b       0x2c c:/program files/microchip/xc32/v4.60/bin/bin/../../lib/gcc/pic32c/8.3.1/thumb/v6-m/nofp/crtend.o
 .comment       0x000000000000002b       0x2c c:/program files/microchip/xc32/v4.60/bin/bin/../../lib/gcc/pic32c/8.3.1/../../../../pic32c/lib/thumb/v6-m/nofp\libpic32c.a(pic32_data_init_clear.o)
 .comment       0x000000000000002b       0x2c c:/program files/microchip/xc32/v4.60/bin/bin/../../lib/gcc/pic32c/8.3.1/../../../../pic32c/lib/thumb/v6-m/nofp\libpic32c.a(pic32_data_init_copy.o)

.debug_info     0x0000000000000000     0x3442
 .debug_info    0x0000000000000000      0x3cd build/default/production/_ext/1984496892/plib_clock.o
 .debug_info    0x00000000000003cd       0x98 build/default/production/_ext/1986646378/plib_evsys.o
 .debug_info    0x0000000000000465      0x577 build/default/production/_ext/1865468468/plib_nvic.o
 .debug_info    0x00000000000009dc      0x50d build/default/production/_ext/1593096446/plib_nvmctrl.o
 .debug_info    0x0000000000000ee9      0x673 build/default/production/_ext/1865521619/plib_port.o
 .debug_info    0x000000000000155c      0x4a9 build/default/production/i2s_init.o
 .debug_info    0x0000000000001a05       0xed build/default/production/_ext/163028504/xc32_monitor.o
 .debug_info    0x0000000000001af2       0xa2 build/default/production/_ext/1171490990/libc_syscalls.o
 .debug_info    0x0000000000001b94       0xb1 build/default/production/_ext/1171490990/exceptions.o
 .debug_info    0x0000000000001c45      0x3a7 build/default/production/_ext/1171490990/interrupts.o
 .debug_info    0x0000000000001fec      0x1ac build/default/production/_ext/1171490990/startup_xc32.o
 .debug_info    0x0000000000002198      0x3ca build/default/production/_ext/1171490990/initialization.o
 .debug_info    0x0000000000002562       0xfc build/default/production/_ext/1360937237/main.o
 .debug_info    0x000000000000265e      0x561 build/default/production/i2s_sine_wave.o
 .debug_info    0x0000000000002bbf       0x68 c:/program files/microchip/xc32/v4.60/bin/bin/../../lib/gcc/pic32c/8.3.1/../../../../pic32c/lib/thumb/v6-m/nofp\libpic32c.a(data_init.o)
 .debug_info    0x0000000000002c27       0xed c:/program files/microchip/xc32/v4.60/bin/bin/../../lib/gcc/pic32c/8.3.1/../../../../pic32c/lib/thumb/v6-m/nofp\libc-size-musl.a(memcpy.o)
 .debug_info    0x0000000000002d14      0x2fb c:/program files/microchip/xc32/v4.60/bin/bin/../../lib/gcc/pic32c/8.3.1/../../../../pic32c/lib/thumb/v6-m/nofp\libc-musl.a(__libc_start_main.o)
 .debug_info    0x000000000000300f       0x5b c:/program files/microchip/xc32/v4.60/bin/bin/../../lib/gcc/pic32c/8.3.1/../../../../pic32c/lib/thumb/v6-m/nofp\libc-musl.a(__errno_location.o)
 .debug_info    0x000000000000306a      0x276 c:/program files/microchip/xc32/v4.60/bin/bin/../../lib/gcc/pic32c/8.3.1/../../../../pic32c/lib/thumb/v6-m/nofp\libc-musl.a(libc.o)
 .debug_info    0x00000000000032e0       0x97 c:/program files/microchip/xc32/v4.60/bin/bin/../../lib/gcc/pic32c/8.3.1/../../../../pic32c/lib/thumb/v6-m/nofp\libc-musl.a(__environ.o)
 .debug_info    0x0000000000003377       0x26 c:/program files/microchip/xc32/v4.60/bin/bin/../../lib/gcc/pic32c/8.3.1/thumb/v6-m/nofp\libgcc.a(_udivsi3.o)
 .debug_info    0x000000000000339d       0x26 c:/program files/microchip/xc32/v4.60/bin/bin/../../lib/gcc/pic32c/8.3.1/thumb/v6-m/nofp\libgcc.a(_dvmd_tls.o)
 .debug_info    0x00000000000033c3       0x3f c:/program files/microchip/xc32/v4.60/bin/bin/../../lib/gcc/pic32c/8.3.1/../../../../pic32c/lib/thumb/v6-m/nofp\libpic32c.a(pic32_data_init_clear.o)
 .debug_info    0x0000000000003402       0x40 c:/program files/microchip/xc32/v4.60/bin/bin/../../lib/gcc/pic32c/8.3.1/../../../../pic32c/lib/thumb/v6-m/nofp\libpic32c.a(pic32_data_init_copy.o)

.debug_abbrev   0x0000000000000000     0x114b
 .debug_abbrev  0x0000000000000000      0x105 build/default/production/_ext/1984496892/plib_clock.o
 .debug_abbrev  0x0000000000000105       0x44 build/default/production/_ext/1986646378/plib_evsys.o
 .debug_abbrev  0x0000000000000149      0x212 build/default/production/_ext/1865468468/plib_nvic.o
 .debug_abbrev  0x000000000000035b      0x152 build/default/production/_ext/1593096446/plib_nvmctrl.o
 .debug_abbrev  0x00000000000004ad      0x18a build/default/production/_ext/1865521619/plib_port.o
 .debug_abbrev  0x0000000000000637      0x11d build/default/production/i2s_init.o
 .debug_abbrev  0x0000000000000754       0x9c build/default/production/_ext/163028504/xc32_monitor.o
 .debug_abbrev  0x00000000000007f0       0x58 build/default/production/_ext/1171490990/libc_syscalls.o
 .debug_abbrev  0x0000000000000848       0x47 build/default/production/_ext/1171490990/exceptions.o
 .debug_abbrev  0x000000000000088f       0xbe build/default/production/_ext/1171490990/interrupts.o
 .debug_abbrev  0x000000000000094d       0xf0 build/default/production/_ext/1171490990/startup_xc32.o
 .debug_abbrev  0x0000000000000a3d      0x103 build/default/production/_ext/1171490990/initialization.o
 .debug_abbrev  0x0000000000000b40       0xb6 build/default/production/_ext/1360937237/main.o
 .debug_abbrev  0x0000000000000bf6      0x130 build/default/production/i2s_sine_wave.o
 .debug_abbrev  0x0000000000000d26       0x44 c:/program files/microchip/xc32/v4.60/bin/bin/../../lib/gcc/pic32c/8.3.1/../../../../pic32c/lib/thumb/v6-m/nofp\libpic32c.a(data_init.o)
 .debug_abbrev  0x0000000000000d6a       0xbb c:/program files/microchip/xc32/v4.60/bin/bin/../../lib/gcc/pic32c/8.3.1/../../../../pic32c/lib/thumb/v6-m/nofp\libc-size-musl.a(memcpy.o)
 .debug_abbrev  0x0000000000000e25      0x133 c:/program files/microchip/xc32/v4.60/bin/bin/../../lib/gcc/pic32c/8.3.1/../../../../pic32c/lib/thumb/v6-m/nofp\libc-musl.a(__libc_start_main.o)
 .debug_abbrev  0x0000000000000f58       0x39 c:/program files/microchip/xc32/v4.60/bin/bin/../../lib/gcc/pic32c/8.3.1/../../../../pic32c/lib/thumb/v6-m/nofp\libc-musl.a(__errno_location.o)
 .debug_abbrev  0x0000000000000f91       0xd4 c:/program files/microchip/xc32/v4.60/bin/bin/../../lib/gcc/pic32c/8.3.1/../../../../pic32c/lib/thumb/v6-m/nofp\libc-musl.a(libc.o)
 .debug_abbrev  0x0000000000001065       0x62 c:/program files/microchip/xc32/v4.60/bin/bin/../../lib/gcc/pic32c/8.3.1/../../../../pic32c/lib/thumb/v6-m/nofp\libc-musl.a(__environ.o)
 .debug_abbrev  0x00000000000010c7       0x14 c:/program files/microchip/xc32/v4.60/bin/bin/../../lib/gcc/pic32c/8.3.1/thumb/v6-m/nofp\libgcc.a(_udivsi3.o)
 .debug_abbrev  0x00000000000010db       0x14 c:/program files/microchip/xc32/v4.60/bin/bin/../../lib/gcc/pic32c/8.3.1/thumb/v6-m/nofp\libgcc.a(_dvmd_tls.o)
 .debug_abbrev  0x00000000000010ef       0x2e c:/program files/microchip/xc32/v4.60/bin/bin/../../lib/gcc/pic32c/8.3.1/../../../../pic32c/lib/thumb/v6-m/nofp\libpic32c.a(pic32_data_init_clear.o)
 .debug_abbrev  0x000000000000111d       0x2e c:/program files/microchip/xc32/v4.60/bin/bin/../../lib/gcc/pic32c/8.3.1/../../../../pic32c/lib/thumb/v6-m/nofp\libpic32c.a(pic32_data_init_copy.o)

.debug_loc      0x0000000000000000      0xd3b
 .debug_loc     0x0000000000000000       0xbc build/default/production/_ext/1984496892/plib_clock.o
 .debug_loc     0x00000000000000bc       0x2c build/default/production/_ext/1986646378/plib_evsys.o
 .debug_loc     0x00000000000000e8      0x1e0 build/default/production/_ext/1865468468/plib_nvic.o
 .debug_loc     0x00000000000002c8      0x2e0 build/default/production/_ext/1593096446/plib_nvmctrl.o
 .debug_loc     0x00000000000005a8      0x25c build/default/production/_ext/1865521619/plib_port.o
 .debug_loc     0x0000000000000804       0xbc build/default/production/i2s_init.o
 .debug_loc     0x00000000000008c0       0x70 build/default/production/_ext/163028504/xc32_monitor.o
 .debug_loc     0x0000000000000930       0x38 build/default/production/_ext/1171490990/libc_syscalls.o
 .debug_loc     0x0000000000000968       0x58 build/default/production/_ext/1171490990/exceptions.o
 .debug_loc     0x00000000000009c0       0x20 build/default/production/_ext/1171490990/startup_xc32.o
 .debug_loc     0x00000000000009e0       0x64 build/default/production/_ext/1171490990/initialization.o
 .debug_loc     0x0000000000000a44       0x64 build/default/production/_ext/1360937237/main.o
 .debug_loc     0x0000000000000aa8       0xe0 build/default/production/i2s_sine_wave.o
 .debug_loc     0x0000000000000b88       0x14 c:/program files/microchip/xc32/v4.60/bin/bin/../../lib/gcc/pic32c/8.3.1/../../../../pic32c/lib/thumb/v6-m/nofp\libpic32c.a(data_init.o)
 .debug_loc     0x0000000000000b9c      0x12d c:/program files/microchip/xc32/v4.60/bin/bin/../../lib/gcc/pic32c/8.3.1/../../../../pic32c/lib/thumb/v6-m/nofp\libc-size-musl.a(memcpy.o)
 .debug_loc     0x0000000000000cc9       0x5e c:/program files/microchip/xc32/v4.60/bin/bin/../../lib/gcc/pic32c/8.3.1/../../../../pic32c/lib/thumb/v6-m/nofp\libc-musl.a(__libc_start_main.o)
 .debug_loc     0x0000000000000d27       0x14 c:/program files/microchip/xc32/v4.60/bin/bin/../../lib/gcc/pic32c/8.3.1/../../../../pic32c/lib/thumb/v6-m/nofp\libpic32c.a(pic32_data_init_copy.o)

.debug_aranges  0x0000000000000000      0x308
 .debug_aranges
                0x0000000000000000       0x20 build/default/production/_ext/1984496892/plib_clock.o
 .debug_aranges
                0x0000000000000020       0x20 build/default/production/_ext/1986646378/plib_evsys.o
 .debug_aranges
                0x0000000000000040       0x20 build/default/production/_ext/1865468468/plib_nvic.o
 .debug_aranges
                0x0000000000000060       0x20 build/default/production/_ext/1593096446/plib_nvmctrl.o
 .debug_aranges
                0x0000000000000080       0x20 build/default/production/_ext/1865521619/plib_port.o
 .debug_aranges
                0x00000000000000a0       0x20 build/default/production/i2s_init.o
 .debug_aranges
                0x00000000000000c0       0x20 build/default/production/_ext/163028504/xc32_monitor.o
 .debug_aranges
                0x00000000000000e0       0x20 build/default/production/_ext/1171490990/libc_syscalls.o
 .debug_aranges
                0x0000000000000100       0x20 build/default/production/_ext/1171490990/exceptions.o
 .debug_aranges
                0x0000000000000120       0x20 build/default/production/_ext/1171490990/interrupts.o
 .debug_aranges
                0x0000000000000140       0x28 build/default/production/_ext/1171490990/startup_xc32.o
 .debug_aranges
                0x0000000000000168       0x20 build/default/production/_ext/1171490990/initialization.o
 .debug_aranges
                0x0000000000000188       0x20 build/default/production/_ext/1360937237/main.o
 .debug_aranges
                0x00000000000001a8       0x20 build/default/production/i2s_sine_wave.o
 .debug_aranges
                0x00000000000001c8       0x30 c:/program files/microchip/xc32/v4.60/bin/bin/../../lib/gcc/pic32c/8.3.1/../../../../pic32c/lib/thumb/v6-m/nofp\libpic32c.a(data_init.o)
 .debug_aranges
                0x00000000000001f8       0x20 c:/program files/microchip/xc32/v4.60/bin/bin/../../lib/gcc/pic32c/8.3.1/../../../../pic32c/lib/thumb/v6-m/nofp\libc-size-musl.a(memcpy.o)
 .debug_aranges
                0x0000000000000218       0x28 c:/program files/microchip/xc32/v4.60/bin/bin/../../lib/gcc/pic32c/8.3.1/../../../../pic32c/lib/thumb/v6-m/nofp\libc-musl.a(__libc_start_main.o)
 .debug_aranges
                0x0000000000000240       0x18 c:/program files/microchip/xc32/v4.60/bin/bin/../../lib/gcc/pic32c/8.3.1/../../../../pic32c/lib/thumb/v6-m/nofp\libc-musl.a(__errno_location.o)
 .debug_aranges
                0x0000000000000258       0x18 c:/program files/microchip/xc32/v4.60/bin/bin/../../lib/gcc/pic32c/8.3.1/../../../../pic32c/lib/thumb/v6-m/nofp\libc-musl.a(libc.o)
 .debug_aranges
                0x0000000000000270       0x18 c:/program files/microchip/xc32/v4.60/bin/bin/../../lib/gcc/pic32c/8.3.1/../../../../pic32c/lib/thumb/v6-m/nofp\libc-musl.a(__environ.o)
 .debug_aranges
                0x0000000000000288       0x20 c:/program files/microchip/xc32/v4.60/bin/bin/../../lib/gcc/pic32c/8.3.1/thumb/v6-m/nofp\libgcc.a(_udivsi3.o)
 .debug_aranges
                0x00000000000002a8       0x20 c:/program files/microchip/xc32/v4.60/bin/bin/../../lib/gcc/pic32c/8.3.1/thumb/v6-m/nofp\libgcc.a(_dvmd_tls.o)
 .debug_aranges
                0x00000000000002c8       0x20 c:/program files/microchip/xc32/v4.60/bin/bin/../../lib/gcc/pic32c/8.3.1/../../../../pic32c/lib/thumb/v6-m/nofp\libpic32c.a(pic32_data_init_clear.o)
 .debug_aranges
                0x00000000000002e8       0x20 c:/program files/microchip/xc32/v4.60/bin/bin/../../lib/gcc/pic32c/8.3.1/../../../../pic32c/lib/thumb/v6-m/nofp\libpic32c.a(pic32_data_init_copy.o)

.debug_line     0x0000000000000000     0x1883
 .debug_line    0x0000000000000000      0x17d build/default/production/_ext/1984496892/plib_clock.o
 .debug_line    0x000000000000017d       0x66 build/default/production/_ext/1986646378/plib_evsys.o
 .debug_line    0x00000000000001e3      0x225 build/default/production/_ext/1865468468/plib_nvic.o
 .debug_line    0x0000000000000408      0x251 build/default/production/_ext/1593096446/plib_nvmctrl.o
 .debug_line    0x0000000000000659      0x24a build/default/production/_ext/1865521619/plib_port.o
 .debug_line    0x00000000000008a3      0x16f build/default/production/i2s_init.o
 .debug_line    0x0000000000000a12       0xb6 build/default/production/_ext/163028504/xc32_monitor.o
 .debug_line    0x0000000000000ac8       0x5a build/default/production/_ext/1171490990/libc_syscalls.o
 .debug_line    0x0000000000000b22       0x5e build/default/production/_ext/1171490990/exceptions.o
 .debug_line    0x0000000000000b80       0xb6 build/default/production/_ext/1171490990/interrupts.o
 .debug_line    0x0000000000000c36      0x101 build/default/production/_ext/1171490990/startup_xc32.o
 .debug_line    0x0000000000000d37      0x100 build/default/production/_ext/1171490990/initialization.o
 .debug_line    0x0000000000000e37       0xa7 build/default/production/_ext/1360937237/main.o
 .debug_line    0x0000000000000ede      0x1dc build/default/production/i2s_sine_wave.o
 .debug_line    0x00000000000010ba       0xa5 c:/program files/microchip/xc32/v4.60/bin/bin/../../lib/gcc/pic32c/8.3.1/../../../../pic32c/lib/thumb/v6-m/nofp\libpic32c.a(data_init.o)
 .debug_line    0x000000000000115f       0xee c:/program files/microchip/xc32/v4.60/bin/bin/../../lib/gcc/pic32c/8.3.1/../../../../pic32c/lib/thumb/v6-m/nofp\libc-size-musl.a(memcpy.o)
 .debug_line    0x000000000000124d      0x1bc c:/program files/microchip/xc32/v4.60/bin/bin/../../lib/gcc/pic32c/8.3.1/../../../../pic32c/lib/thumb/v6-m/nofp\libc-musl.a(__libc_start_main.o)
 .debug_line    0x0000000000001409       0x9a c:/program files/microchip/xc32/v4.60/bin/bin/../../lib/gcc/pic32c/8.3.1/../../../../pic32c/lib/thumb/v6-m/nofp\libc-musl.a(__errno_location.o)
 .debug_line    0x00000000000014a3       0xb5 c:/program files/microchip/xc32/v4.60/bin/bin/../../lib/gcc/pic32c/8.3.1/../../../../pic32c/lib/thumb/v6-m/nofp\libc-musl.a(libc.o)
 .debug_line    0x0000000000001558       0xfb c:/program files/microchip/xc32/v4.60/bin/bin/../../lib/gcc/pic32c/8.3.1/../../../../pic32c/lib/thumb/v6-m/nofp\libc-musl.a(__environ.o)
 .debug_line    0x0000000000001653       0xa8 c:/program files/microchip/xc32/v4.60/bin/bin/../../lib/gcc/pic32c/8.3.1/thumb/v6-m/nofp\libgcc.a(_udivsi3.o)
 .debug_line    0x00000000000016fb       0x91 c:/program files/microchip/xc32/v4.60/bin/bin/../../lib/gcc/pic32c/8.3.1/thumb/v6-m/nofp\libgcc.a(_dvmd_tls.o)
 .debug_line    0x000000000000178c       0x6f c:/program files/microchip/xc32/v4.60/bin/bin/../../lib/gcc/pic32c/8.3.1/../../../../pic32c/lib/thumb/v6-m/nofp\libpic32c.a(pic32_data_init_clear.o)
 .debug_line    0x00000000000017fb       0x88 c:/program files/microchip/xc32/v4.60/bin/bin/../../lib/gcc/pic32c/8.3.1/../../../../pic32c/lib/thumb/v6-m/nofp\libpic32c.a(pic32_data_init_copy.o)

.debug_str      0x0000000000000000     0x4d24
 .debug_str     0x0000000000000000      0x4d6 build/default/production/_ext/1984496892/plib_clock.o
 .debug_str     0x00000000000004d6      0x28b build/default/production/_ext/1986646378/plib_evsys.o
 .debug_str     0x0000000000000761      0x579 build/default/production/_ext/1865468468/plib_nvic.o
 .debug_str     0x0000000000000cda      0x4dd build/default/production/_ext/1593096446/plib_nvmctrl.o
 .debug_str     0x00000000000011b7      0x761 build/default/production/_ext/1865521619/plib_port.o
 .debug_str     0x0000000000001918      0x447 build/default/production/i2s_init.o
 .debug_str     0x0000000000001d5f      0x229 build/default/production/_ext/163028504/xc32_monitor.o
 .debug_str     0x0000000000001f88      0x26d build/default/production/_ext/1171490990/libc_syscalls.o
 .debug_str     0x00000000000021f5      0x292 build/default/production/_ext/1171490990/exceptions.o
 .debug_str     0x0000000000002487      0x58e build/default/production/_ext/1171490990/interrupts.o
 .debug_str     0x0000000000002a15      0x2d0 build/default/production/_ext/1171490990/startup_xc32.o
 .debug_str     0x0000000000002ce5      0x43f build/default/production/_ext/1171490990/initialization.o
 .debug_str     0x0000000000003124      0x29a build/default/production/_ext/1360937237/main.o
 .debug_str     0x00000000000033be      0x494 build/default/production/i2s_sine_wave.o
 .debug_str     0x0000000000003852      0x1fc c:/program files/microchip/xc32/v4.60/bin/bin/../../lib/gcc/pic32c/8.3.1/../../../../pic32c/lib/thumb/v6-m/nofp\libpic32c.a(data_init.o)
 .debug_str     0x0000000000003a4e      0x225 c:/program files/microchip/xc32/v4.60/bin/bin/../../lib/gcc/pic32c/8.3.1/../../../../pic32c/lib/thumb/v6-m/nofp\libc-size-musl.a(memcpy.o)
 .debug_str     0x0000000000003c73      0x3ca c:/program files/microchip/xc32/v4.60/bin/bin/../../lib/gcc/pic32c/8.3.1/../../../../pic32c/lib/thumb/v6-m/nofp\libc-musl.a(__libc_start_main.o)
 .debug_str     0x000000000000403d      0x229 c:/program files/microchip/xc32/v4.60/bin/bin/../../lib/gcc/pic32c/8.3.1/../../../../pic32c/lib/thumb/v6-m/nofp\libc-musl.a(__errno_location.o)
 .debug_str     0x0000000000004266      0x335 c:/program files/microchip/xc32/v4.60/bin/bin/../../lib/gcc/pic32c/8.3.1/../../../../pic32c/lib/thumb/v6-m/nofp\libc-musl.a(libc.o)
 .debug_str     0x000000000000459b      0x235 c:/program files/microchip/xc32/v4.60/bin/bin/../../lib/gcc/pic32c/8.3.1/../../../../pic32c/lib/thumb/v6-m/nofp\libc-musl.a(__environ.o)
 .debug_str     0x00000000000047d0       0xd6 c:/program files/microchip/xc32/v4.60/bin/bin/../../lib/gcc/pic32c/8.3.1/thumb/v6-m/nofp\libgcc.a(_udivsi3.o)
 .debug_str     0x00000000000048a6       0xd6 c:/program files/microchip/xc32/v4.60/bin/bin/../../lib/gcc/pic32c/8.3.1/thumb/v6-m/nofp\libgcc.a(_dvmd_tls.o)
 .debug_str     0x000000000000497c      0x1d5 c:/program files/microchip/xc32/v4.60/bin/bin/../../lib/gcc/pic32c/8.3.1/../../../../pic32c/lib/thumb/v6-m/nofp\libpic32c.a(pic32_data_init_clear.o)
 .debug_str     0x0000000000004b51      0x1d3 c:/program files/microchip/xc32/v4.60/bin/bin/../../lib/gcc/pic32c/8.3.1/../../../../pic32c/lib/thumb/v6-m/nofp\libpic32c.a(pic32_data_init_copy.o)

.debug_frame    0x0000000000000000      0x8e4
 .debug_frame   0x0000000000000000       0x84 build/default/production/_ext/1984496892/plib_clock.o
 .debug_frame   0x0000000000000084       0x2c build/default/production/_ext/1986646378/plib_evsys.o
 .debug_frame   0x00000000000000b0      0x12c build/default/production/_ext/1865468468/plib_nvic.o
 .debug_frame   0x00000000000001dc      0x1c0 build/default/production/_ext/1593096446/plib_nvmctrl.o
 .debug_frame   0x000000000000039c      0x16c build/default/production/_ext/1865521619/plib_port.o
 .debug_frame   0x0000000000000508       0x84 build/default/production/i2s_init.o
 .debug_frame   0x000000000000058c       0x50 build/default/production/_ext/163028504/xc32_monitor.o
 .debug_frame   0x00000000000005dc       0x30 build/default/production/_ext/1171490990/libc_syscalls.o
 .debug_frame   0x000000000000060c       0x48 build/default/production/_ext/1171490990/exceptions.o
 .debug_frame   0x0000000000000654       0x20 build/default/production/_ext/1171490990/interrupts.o
 .debug_frame   0x0000000000000674       0x38 build/default/production/_ext/1171490990/startup_xc32.o
 .debug_frame   0x00000000000006ac       0x4c build/default/production/_ext/1171490990/initialization.o
 .debug_frame   0x00000000000006f8       0x4c build/default/production/_ext/1360937237/main.o
 .debug_frame   0x0000000000000744       0x90 build/default/production/i2s_sine_wave.o
 .debug_frame   0x00000000000007d4       0x48 c:/program files/microchip/xc32/v4.60/bin/bin/../../lib/gcc/pic32c/8.3.1/../../../../pic32c/lib/thumb/v6-m/nofp\libpic32c.a(data_init.o)
 .debug_frame   0x000000000000081c       0x28 c:/program files/microchip/xc32/v4.60/bin/bin/../../lib/gcc/pic32c/8.3.1/../../../../pic32c/lib/thumb/v6-m/nofp\libc-size-musl.a(memcpy.o)
 .debug_frame   0x0000000000000844       0x38 c:/program files/microchip/xc32/v4.60/bin/bin/../../lib/gcc/pic32c/8.3.1/../../../../pic32c/lib/thumb/v6-m/nofp\libc-musl.a(__libc_start_main.o)
 .debug_frame   0x000000000000087c       0x20 c:/program files/microchip/xc32/v4.60/bin/bin/../../lib/gcc/pic32c/8.3.1/thumb/v6-m/nofp\libgcc.a(_udivsi3.o)
 .debug_frame   0x000000000000089c       0x20 c:/program files/microchip/xc32/v4.60/bin/bin/../../lib/gcc/pic32c/8.3.1/../../../../pic32c/lib/thumb/v6-m/nofp\libpic32c.a(pic32_data_init_clear.o)
 .debug_frame   0x00000000000008bc       0x28 c:/program files/microchip/xc32/v4.60/bin/bin/../../lib/gcc/pic32c/8.3.1/../../../../pic32c/lib/thumb/v6-m/nofp\libpic32c.a(pic32_data_init_copy.o)

.debug_ranges   0x0000000000000000       0x98
 .debug_ranges  0x0000000000000000       0x18 build/default/production/_ext/1171490990/startup_xc32.o
 .debug_ranges  0x0000000000000018       0x20 c:/program files/microchip/xc32/v4.60/bin/bin/../../lib/gcc/pic32c/8.3.1/../../../../pic32c/lib/thumb/v6-m/nofp\libpic32c.a(data_init.o)
 .debug_ranges  0x0000000000000038       0x10 c:/program files/microchip/xc32/v4.60/bin/bin/../../lib/gcc/pic32c/8.3.1/../../../../pic32c/lib/thumb/v6-m/nofp\libc-size-musl.a(memcpy.o)
 .debug_ranges  0x0000000000000048       0x30 c:/program files/microchip/xc32/v4.60/bin/bin/../../lib/gcc/pic32c/8.3.1/../../../../pic32c/lib/thumb/v6-m/nofp\libc-musl.a(__libc_start_main.o)
 .debug_ranges  0x0000000000000078       0x10 c:/program files/microchip/xc32/v4.60/bin/bin/../../lib/gcc/pic32c/8.3.1/../../../../pic32c/lib/thumb/v6-m/nofp\libpic32c.a(pic32_data_init_clear.o)
 .debug_ranges  0x0000000000000088       0x10 c:/program files/microchip/xc32/v4.60/bin/bin/../../lib/gcc/pic32c/8.3.1/../../../../pic32c/lib/thumb/v6-m/nofp\libpic32c.a(pic32_data_init_copy.o)

.note.GNU-stack
                0x0000000000000000        0x0
 .note.GNU-stack
                0x0000000000000000        0x0 c:/program files/microchip/xc32/v4.60/bin/bin/../../lib/gcc/pic32c/8.3.1/../../../../pic32c/lib/thumb/v6-m/nofp\libc-size-musl.a(memcpy.o)
 .note.GNU-stack
                0x0000000000000000        0x0 c:/program files/microchip/xc32/v4.60/bin/bin/../../lib/gcc/pic32c/8.3.1/../../../../pic32c/lib/thumb/v6-m/nofp\libc-musl.a(__libc_start_main.o)
 .note.GNU-stack
                0x0000000000000000        0x0 c:/program files/microchip/xc32/v4.60/bin/bin/../../lib/gcc/pic32c/8.3.1/../../../../pic32c/lib/thumb/v6-m/nofp\libc-musl.a(__errno_location.o)
 .note.GNU-stack
                0x0000000000000000        0x0 c:/program files/microchip/xc32/v4.60/bin/bin/../../lib/gcc/pic32c/8.3.1/../../../../pic32c/lib/thumb/v6-m/nofp\libc-musl.a(libc.o)
 .note.GNU-stack
                0x0000000000000000        0x0 c:/program files/microchip/xc32/v4.60/bin/bin/../../lib/gcc/pic32c/8.3.1/../../../../pic32c/lib/thumb/v6-m/nofp\libc-musl.a(__environ.o)

.stack          0x0000000020000420      0x100
 .stack         0x0000000020000420      0x100 stack

.bss%1          0x0000000020000000      0x184
 .bss           0x0000000020000000      0x184 build/default/production/i2s_sine_wave.o

.bss%2          0x0000000020000184       0x50
 .bss           0x0000000020000184       0x50 c:/program files/microchip/xc32/v4.60/bin/bin/../../lib/gcc/pic32c/8.3.1/../../../../pic32c/lib/thumb/v6-m/nofp\libc-musl.a(libc.o)
                0x0000000020000184                __progname_full
                0x0000000020000184                program_invocation_name
                0x0000000020000188                program_invocation_short_name
                0x0000000020000188                __progname
                0x000000002000018c                __sysinfo
                0x0000000020000190                __hwcap
                0x0000000020000194                __libc

.bss%3          0x00000000200001d4       0x1c
 .bss           0x00000000200001d4       0x1c c:/program files/microchip/xc32/v4.60/bin/bin/../../lib/gcc/pic32c/8.3.1/thumb/v6-m/nofp/crtbegin.o

.bss%4          0x00000000200001f0        0x4
 .bss           0x00000000200001f0        0x4 c:/program files/microchip/xc32/v4.60/bin/bin/../../lib/gcc/pic32c/8.3.1/../../../../pic32c/lib/thumb/v6-m/nofp\libpic32c.a(data_init.o)

.bss%5          0x00000000200001f4        0x4
 .bss           0x00000000200001f4        0x4 c:/program files/microchip/xc32/v4.60/bin/bin/../../lib/gcc/pic32c/8.3.1/../../../../pic32c/lib/thumb/v6-m/nofp\libc-musl.a(__errno_location.o)
                0x00000000200001f4                __errno_val

.bss%6          0x00000000200001f8        0x4
 .bss           0x00000000200001f8        0x4 c:/program files/microchip/xc32/v4.60/bin/bin/../../lib/gcc/pic32c/8.3.1/../../../../pic32c/lib/thumb/v6-m/nofp\libc-musl.a(__environ.o)
                0x00000000200001f8                __environ
                0x00000000200001f8                environ
                0x00000000200001f8                ___environ
                0x00000000200001f8                _environ

.bss%z1         0x0000000000000000        0x0
 .bss           0x0000000000000000        0x0 c:/program files/microchip/xc32/v4.60/bin/bin/../../lib/gcc/pic32c/8.3.1/../../../../pic32c/lib/thumb/v6-m/nofp\libpic32c.a(pic32_data_init_copy.o)

.bss%z2         0x0000000000000000        0x0
 .bss           0x0000000000000000        0x0 c:/program files/microchip/xc32/v4.60/bin/bin/../../lib/gcc/pic32c/8.3.1/../../../../pic32c/lib/thumb/v6-m/nofp\libpic32c.a(pic32_data_init_clear.o)

.bss%z3         0x0000000000000000        0x0
 .bss           0x0000000000000000        0x0 c:/program files/microchip/xc32/v4.60/bin/bin/../../lib/gcc/pic32c/8.3.1/thumb/v6-m/nofp/crtn.o

.bss%z4         0x0000000000000000        0x0
 .bss           0x0000000000000000        0x0 c:/program files/microchip/xc32/v4.60/bin/bin/../../lib/gcc/pic32c/8.3.1/thumb/v6-m/nofp/crtend.o

.bss%z5         0x0000000000000000        0x0
 .bss           0x0000000000000000        0x0 c:/program files/microchip/xc32/v4.60/bin/bin/../../lib/gcc/pic32c/8.3.1/thumb/v6-m/nofp\libgcc.a(_dvmd_tls.o)

.bss%z6         0x0000000000000000        0x0
 .bss           0x0000000000000000        0x0 c:/program files/microchip/xc32/v4.60/bin/bin/../../lib/gcc/pic32c/8.3.1/thumb/v6-m/nofp\libgcc.a(_udivsi3.o)

.bss%z7         0x0000000000000000        0x0
 .bss           0x0000000000000000        0x0 c:/program files/microchip/xc32/v4.60/bin/bin/../../lib/gcc/pic32c/8.3.1/../../../../pic32c/lib/thumb/v6-m/nofp\libc-musl.a(__libc_start_main.o)

.bss%z8         0x0000000000000000        0x0
 .bss           0x0000000000000000        0x0 c:/program files/microchip/xc32/v4.60/bin/bin/../../lib/gcc/pic32c/8.3.1/../../../../pic32c/lib/thumb/v6-m/nofp\libc-size-musl.a(memcpy.o)

.bss%z9         0x0000000000000000        0x0
 .bss           0x0000000000000000        0x0 build/default/production/_ext/1360937237/main.o

.bss%z10        0x0000000000000000        0x0
 .bss           0x0000000000000000        0x0 build/default/production/_ext/1171490990/initialization.o

.bss%z11        0x0000000000000000        0x0
 .bss           0x0000000000000000        0x0 build/default/production/_ext/1171490990/startup_xc32.o

.bss%z12        0x0000000000000000        0x0
 .bss           0x0000000000000000        0x0 build/default/production/_ext/1171490990/interrupts.o

.bss%z13        0x0000000000000000        0x0
 .bss           0x0000000000000000        0x0 build/default/production/_ext/1171490990/exceptions.o

.bss%z14        0x0000000000000000        0x0
 .bss           0x0000000000000000        0x0 build/default/production/_ext/1171490990/libc_syscalls.o

.bss%z15        0x0000000000000000        0x0
 .bss           0x0000000000000000        0x0 build/default/production/_ext/163028504/xc32_monitor.o

.bss%z16        0x0000000000000000        0x0
 .bss           0x0000000000000000        0x0 build/default/production/i2s_init.o

.bss%z17        0x0000000000000000        0x0
 .bss           0x0000000000000000        0x0 build/default/production/_ext/1865521619/plib_port.o

.bss%z18        0x0000000000000000        0x0
 .bss           0x0000000000000000        0x0 build/default/production/_ext/1593096446/plib_nvmctrl.o

.bss%z19        0x0000000000000000        0x0
 .bss           0x0000000000000000        0x0 build/default/production/_ext/1865468468/plib_nvic.o

.bss%z20        0x0000000000000000        0x0
 .bss           0x0000000000000000        0x0 build/default/production/_ext/1986646378/plib_evsys.o

.bss%z21        0x0000000000000000        0x0
 .bss           0x0000000000000000        0x0 build/default/production/_ext/1984496892/plib_clock.o

.bss%z22        0x0000000000000000        0x0
 .bss           0x0000000000000000        0x0 c:/program files/microchip/xc32/v4.60/bin/bin/../../lib/gcc/pic32c/8.3.1/thumb/v6-m/nofp/crti.o

.data%7         0x00000000200001fc        0x4
 .data          0x00000000200001fc        0x4 c:/program files/microchip/xc32/v4.60/bin/bin/../../lib/gcc/pic32c/8.3.1/thumb/v6-m/nofp/crtbegin.o
                0x00000000200001fc                __dso_handle

.eh_frame%8     0x0000000020000200        0x4
 .eh_frame      0x0000000020000200        0x4 c:/program files/microchip/xc32/v4.60/bin/bin/../../lib/gcc/pic32c/8.3.1/thumb/v6-m/nofp/crtend.o

.data%z23       0x0000000000000000        0x0
 .data          0x0000000000000000        0x0 c:/program files/microchip/xc32/v4.60/bin/bin/../../lib/gcc/pic32c/8.3.1/../../../../pic32c/lib/thumb/v6-m/nofp\libpic32c.a(pic32_data_init_copy.o)

.data%z24       0x0000000000000000        0x0
 .data          0x0000000000000000        0x0 c:/program files/microchip/xc32/v4.60/bin/bin/../../lib/gcc/pic32c/8.3.1/../../../../pic32c/lib/thumb/v6-m/nofp\libpic32c.a(pic32_data_init_clear.o)

.data%z25       0x0000000000000000        0x0
 .data          0x0000000000000000        0x0 c:/program files/microchip/xc32/v4.60/bin/bin/../../lib/gcc/pic32c/8.3.1/thumb/v6-m/nofp/crtn.o

.data%z26       0x0000000000000000        0x0
 .data          0x0000000000000000        0x0 c:/program files/microchip/xc32/v4.60/bin/bin/../../lib/gcc/pic32c/8.3.1/thumb/v6-m/nofp/crtend.o

.data%z27       0x0000000000000000        0x0
 .data          0x0000000000000000        0x0 c:/program files/microchip/xc32/v4.60/bin/bin/../../lib/gcc/pic32c/8.3.1/thumb/v6-m/nofp\libgcc.a(_dvmd_tls.o)

.data%z28       0x0000000000000000        0x0
 .data          0x0000000000000000        0x0 c:/program files/microchip/xc32/v4.60/bin/bin/../../lib/gcc/pic32c/8.3.1/thumb/v6-m/nofp\libgcc.a(_udivsi3.o)

.data%z29       0x0000000000000000        0x0
 .data          0x0000000000000000        0x0 c:/program files/microchip/xc32/v4.60/bin/bin/../../lib/gcc/pic32c/8.3.1/../../../../pic32c/lib/thumb/v6-m/nofp\libc-musl.a(__environ.o)

.data%z30       0x0000000000000000        0x0
 .data          0x0000000000000000        0x0 c:/program files/microchip/xc32/v4.60/bin/bin/../../lib/gcc/pic32c/8.3.1/../../../../pic32c/lib/thumb/v6-m/nofp\libc-musl.a(libc.o)

.data%z31       0x0000000000000000        0x0
 .data          0x0000000000000000        0x0 c:/program files/microchip/xc32/v4.60/bin/bin/../../lib/gcc/pic32c/8.3.1/../../../../pic32c/lib/thumb/v6-m/nofp\libc-musl.a(__errno_location.o)

.data%z32       0x0000000000000000        0x0
 .data          0x0000000000000000        0x0 c:/program files/microchip/xc32/v4.60/bin/bin/../../lib/gcc/pic32c/8.3.1/../../../../pic32c/lib/thumb/v6-m/nofp\libc-musl.a(__libc_start_main.o)

.data%z33       0x0000000000000000        0x0
 .data          0x0000000000000000        0x0 c:/program files/microchip/xc32/v4.60/bin/bin/../../lib/gcc/pic32c/8.3.1/../../../../pic32c/lib/thumb/v6-m/nofp\libc-size-musl.a(memcpy.o)

.data%z34       0x0000000000000000        0x0
 .data          0x0000000000000000        0x0 c:/program files/microchip/xc32/v4.60/bin/bin/../../lib/gcc/pic32c/8.3.1/../../../../pic32c/lib/thumb/v6-m/nofp\libpic32c.a(data_init.o)

.data%z35       0x0000000000000000        0x0
 .data          0x0000000000000000        0x0 build/default/production/i2s_sine_wave.o

.data%z36       0x0000000000000000        0x0
 .data          0x0000000000000000        0x0 build/default/production/_ext/1360937237/main.o

.data%z37       0x0000000000000000        0x0
 .data          0x0000000000000000        0x0 build/default/production/_ext/1171490990/initialization.o

.data%z38       0x0000000000000000        0x0
 .data          0x0000000000000000        0x0 build/default/production/_ext/1171490990/startup_xc32.o

.data%z39       0x0000000000000000        0x0
 .data          0x0000000000000000        0x0 build/default/production/_ext/1171490990/interrupts.o

.data%z40       0x0000000000000000        0x0
 .data          0x0000000000000000        0x0 build/default/production/_ext/1171490990/exceptions.o

.data%z41       0x0000000000000000        0x0
 .data          0x0000000000000000        0x0 build/default/production/_ext/1171490990/libc_syscalls.o

.data%z42       0x0000000000000000        0x0
 .data          0x0000000000000000        0x0 build/default/production/_ext/163028504/xc32_monitor.o

.data%z43       0x0000000000000000        0x0
 .data          0x0000000000000000        0x0 build/default/production/i2s_init.o

.data%z44       0x0000000000000000        0x0
 .data          0x0000000000000000        0x0 build/default/production/_ext/1865521619/plib_port.o

.data%z45       0x0000000000000000        0x0
 .data          0x0000000000000000        0x0 build/default/production/_ext/1593096446/plib_nvmctrl.o

.data%z46       0x0000000000000000        0x0
 .data          0x0000000000000000        0x0 build/default/production/_ext/1865468468/plib_nvic.o

.data%z47       0x0000000000000000        0x0
 .data          0x0000000000000000        0x0 build/default/production/_ext/1986646378/plib_evsys.o

.data%z48       0x0000000000000000        0x0
 .data          0x0000000000000000        0x0 build/default/production/_ext/1984496892/plib_clock.o

.eh_frame%z49   0x0000000000000000        0x0
 .eh_frame      0x0000000000000000        0x0 c:/program files/microchip/xc32/v4.60/bin/bin/../../lib/gcc/pic32c/8.3.1/thumb/v6-m/nofp/crtbegin.o

.data%z50       0x0000000000000000        0x0
 .data          0x0000000000000000        0x0 c:/program files/microchip/xc32/v4.60/bin/bin/../../lib/gcc/pic32c/8.3.1/thumb/v6-m/nofp/crti.o

.text%9         0x00000000000000d0      0x2e0
 .text          0x00000000000000d0      0x2e0 build/default/production/_ext/1593096446/plib_nvmctrl.o
                0x00000000000000d0                NVMCTRL_Initialize
                0x00000000000000e4                NVMCTRL_CacheInvalidate
                0x00000000000000fc                NVMCTRL_Read
                0x0000000000000122                NVMCTRL_PageBufferWrite
                0x0000000000000160                NVMCTRL_PageBufferCommit
                0x0000000000000198                NVMCTRL_PageWrite
                0x00000000000001ec                NVMCTRL_RowErase
                0x0000000000000214                NVMCTRL_USER_ROW_PageWrite
                0x0000000000000294                NVMCTRL_USER_ROW_RowErase
                0x00000000000002e8                NVMCTRL_ErrorGet
                0x0000000000000324                NVMCTRL_IsBusy
                0x0000000000000348                NVMCTRL_RegionLock
                0x0000000000000370                NVMCTRL_RegionUnlock
                0x0000000000000398                NVMCTRL_SecurityBitSet

.text%10        0x00000000000003b0      0x2c0
 .text          0x00000000000003b0      0x2c0 build/default/production/_ext/1865521619/plib_port.o
                0x00000000000003b0                PORT_Initialize
                0x000000000000045c                PORT_GroupRead
                0x0000000000000470                PORT_GroupWrite
                0x000000000000049c                PORT_GroupLatchRead
                0x00000000000004b0                PORT_GroupSet
                0x00000000000004c8                PORT_GroupClear
                0x00000000000004e0                PORT_GroupToggle
                0x00000000000004f8                PORT_GroupInputEnable
                0x0000000000000552                PORT_GroupOutputEnable
                0x000000000000056a                PORT_PinPeripheralFunctionConfig
                0x0000000000000618                PORT_PinGPIOConfig

.text%11        0x0000000000000670      0x228
 .text          0x0000000000000670      0x228 build/default/production/i2s_sine_wave.o
                0x0000000000000670                generate_sine_table
                0x000000000000073c                I2S_Send_Sample
                0x0000000000000788                I2S_Generate_Sine_Wave
                0x00000000000007d4                test_i2s_manual

.text%12        0x0000000000000898      0x1a4
 .text          0x0000000000000898      0x1a4 build/default/production/_ext/1865468468/plib_nvic.o
                0x0000000000000948                NVIC_Initialize
                0x0000000000000958                NVIC_INT_Enable
                0x0000000000000968                NVIC_INT_Disable
                0x0000000000000990                NVIC_INT_Restore
                0x00000000000009ba                NVIC_INT_SourceDisable
                0x0000000000000a0c                NVIC_INT_SourceRestore

.text.__aeabi_dmul_aux%13
                0x0000000000000a3c      0x18a
 .text.__aeabi_dmul_aux
                0x0000000000000a3c      0x18a c:/program files/microchip/xc32/v4.60/bin/bin/../../lib/gcc/pic32c/8.3.1/../../../../pic32c/lib/thumb/v6-m/nofp\libm-fast-emfloat.a(__aeabi_dmul_aux.o)
                0x0000000000000a3c                __aeabi_dmul_aux
                0x0000000000000a74                __aeabi_dmul

.text.__aeabi_fadd%14
                0x0000000000000bc6      0x13a
 .text.__aeabi_fadd
                0x0000000000000bc6      0x13a c:/program files/microchip/xc32/v4.60/bin/bin/../../lib/gcc/pic32c/8.3.1/../../../../pic32c/lib/thumb/v6-m/nofp\libm-fast-emfloat.a(__aeabi_fadd.o)
                0x0000000000000bc6                __aeabi_fadd
                0x0000000000000bca                .L__aeabi_fadd_fast_entry

.text%15        0x0000000000000d00      0x12c
 .text          0x0000000000000d00      0x12c build/default/production/i2s_init.o
                0x0000000000000d00                i2s_init
                0x0000000000000d16                i2s_config_clk
                0x0000000000000de4                GCLK_I2S_Initialize
                0x0000000000000e10                PM_I2S_Initialize

.text.sinf%16   0x0000000000000e2c       0xfc
 .text.sinf     0x0000000000000e2c       0xfc c:/program files/microchip/xc32/v4.60/bin/bin/../../lib/gcc/pic32c/8.3.1/../../../../pic32c/lib/thumb/v6-m/nofp\libm-fast-emfloat.a(sinf.o)
                0x0000000000000e2c                sinf

.text%17        0x0000000000000f28       0xf0
 .text          0x0000000000000f28       0xf0 build/default/production/_ext/1984496892/plib_clock.o
                0x0000000000000ffc                CLOCK_Initialize

.text.__aeabi_ddiv%18
                0x0000000000001018       0xc4
 .text.__aeabi_ddiv
                0x0000000000001018       0xc4 c:/program files/microchip/xc32/v4.60/bin/bin/../../lib/gcc/pic32c/8.3.1/../../../../pic32c/lib/thumb/v6-m/nofp\libm-fast-emfloat.a(__aeabi_ddiv.o)
                0x0000000000001018                __aeabi_ddiv

.text.__aeabi_fmul%19
                0x00000000000010dc       0xb6
 .text.__aeabi_fmul
                0x00000000000010dc       0xb6 c:/program files/microchip/xc32/v4.60/bin/bin/../../lib/gcc/pic32c/8.3.1/../../../../pic32c/lib/thumb/v6-m/nofp\libm-fast-emfloat.a(__aeabi_fmul.o)
                0x00000000000010dc                __aeabi_fmul

.text.__aeabi_fdiv%20
                0x0000000000001192       0x94
 .text.__aeabi_fdiv
                0x0000000000001192       0x94 c:/program files/microchip/xc32/v4.60/bin/bin/../../lib/gcc/pic32c/8.3.1/../../../../pic32c/lib/thumb/v6-m/nofp\libm-fast-emfloat.a(__aeabi_fdiv.o)
                0x0000000000001192                __aeabi_fdiv

.text%21        0x0000000000001228       0x8c
 .text          0x0000000000001228       0x8c c:/program files/microchip/xc32/v4.60/bin/bin/../../lib/gcc/pic32c/8.3.1/thumb/v6-m/nofp\libgcc.a(_udivsi3.o)
                0x0000000000001228                __aeabi_uidiv
                0x0000000000001228                __udivsi3
                0x00000000000012a0                __aeabi_uidivmod

.dinit%22       0x00000000000012b4       0x70
 .dinit         0x00000000000012b4       0x70 data_init

.text.__aeabi_d2f%23
                0x0000000000001324       0x62
 .text.__aeabi_d2f
                0x0000000000001324       0x62 c:/program files/microchip/xc32/v4.60/bin/bin/../../lib/gcc/pic32c/8.3.1/../../../../pic32c/lib/thumb/v6-m/nofp\libm-fast-emfloat.a(__aeabi_d2f.o)
                0x0000000000001324                __aeabi_d2f

.text.__SEGGER_RTL_float32_PolyEvalP%24
                0x0000000000001388       0x5c
 .text.__SEGGER_RTL_float32_PolyEvalP
                0x0000000000001388       0x5c c:/program files/microchip/xc32/v4.60/bin/bin/../../lib/gcc/pic32c/8.3.1/../../../../pic32c/lib/thumb/v6-m/nofp\libm-fast-emfloat.a(__SEGGER_RTL_float32_PolyEvalP.o)
                0x0000000000001388                __SEGGER_RTL_float32_PolyEvalP

.text.__libc_start_init%25
                0x00000000000013e4       0x5c
 .text.__libc_start_init
                0x00000000000013e4       0x5c c:/program files/microchip/xc32/v4.60/bin/bin/../../lib/gcc/pic32c/8.3.1/../../../../pic32c/lib/thumb/v6-m/nofp\libc-musl.a(__libc_start_main.o)
                0x00000000000013e4                __libc_init_array

.text%26        0x0000000000001440       0x54
 .text          0x0000000000001440       0x54 build/default/production/_ext/1171490990/initialization.o
                0x0000000000001440                SYS_Initialize
                0x0000000000001474                initDacAndAdcConfiguration

.text%27        0x0000000000001494       0x48
 .text          0x0000000000001494       0x48 c:/program files/microchip/xc32/v4.60/bin/bin/../../lib/gcc/pic32c/8.3.1/thumb/v6-m/nofp/crtbegin.o

.text.Reset_Handler%28
                0x00000000000014dc       0x48
 .text.Reset_Handler
                0x00000000000014dc       0x48 build/default/production/_ext/1171490990/startup_xc32.o
                0x00000000000014dc                Reset_Handler

.text.__aeabi_f2d%29
                0x0000000000001524       0x44
 .text.__aeabi_f2d
                0x0000000000001524       0x44 c:/program files/microchip/xc32/v4.60/bin/bin/../../lib/gcc/pic32c/8.3.1/../../../../pic32c/lib/thumb/v6-m/nofp\libm-fast-emfloat.a(__aeabi_f2d.o)
                0x0000000000001524                __aeabi_f2d

.text.__aeabi_f2iz%30
                0x0000000000001568       0x3e
 .text.__aeabi_f2iz
                0x0000000000001568       0x3e c:/program files/microchip/xc32/v4.60/bin/bin/../../lib/gcc/pic32c/8.3.1/../../../../pic32c/lib/thumb/v6-m/nofp\libm-fast-emfloat.a(__aeabi_f2iz.o)
                0x0000000000001568                __aeabi_f2iz

.text%31        0x00000000000015a6       0x38
 .text          0x00000000000015a6       0x38 build/default/production/_ext/1360937237/main.o
                0x00000000000015a6                delay_simple
                0x00000000000015c4                main

.text.__pic32c_data_initialization%32
                0x00000000000015e0       0x38
 .text.__pic32c_data_initialization
                0x00000000000015e0       0x38 c:/program files/microchip/xc32/v4.60/bin/bin/../../lib/gcc/pic32c/8.3.1/../../../../pic32c/lib/thumb/v6-m/nofp\libpic32c.a(data_init.o)
                0x00000000000015e0                __pic32c_data_initialization

.text%33        0x0000000000001618       0x30
 .text          0x0000000000001618       0x30 build/default/production/_ext/163028504/xc32_monitor.o
                0x0000000000001618                read
                0x0000000000001630                write

.text.__aeabi_i2f%34
                0x0000000000001648       0x26
 .text.__aeabi_i2f
                0x0000000000001648       0x26 c:/program files/microchip/xc32/v4.60/bin/bin/../../lib/gcc/pic32c/8.3.1/../../../../pic32c/lib/thumb/v6-m/nofp\libm-fast-emfloat.a(__aeabi_i2f.o)
                0x0000000000001648                __aeabi_i2f

.text.__aeabi_ui2f%35
                0x000000000000166e       0x1e
 .text.__aeabi_ui2f
                0x000000000000166e       0x1e c:/program files/microchip/xc32/v4.60/bin/bin/../../lib/gcc/pic32c/8.3.1/../../../../pic32c/lib/thumb/v6-m/nofp\libm-fast-emfloat.a(__aeabi_ui2f.o)
                0x000000000000166e                __aeabi_ui2f

.text.__dinit_copy%36
                0x000000000000168c       0x1e
 .text.__dinit_copy
                0x000000000000168c       0x1e c:/program files/microchip/xc32/v4.60/bin/bin/../../lib/gcc/pic32c/8.3.1/../../../../pic32c/lib/thumb/v6-m/nofp\libpic32c.a(pic32_data_init_copy.o)
                0x000000000000168c                __dinit_copy_needed
                0x000000000000168c                __dinit_copy

.rodata%37      0x00000000000016ac       0x14
 .rodata        0x00000000000016ac       0x14 c:/program files/microchip/xc32/v4.60/bin/bin/../../lib/gcc/pic32c/8.3.1/../../../../pic32c/lib/thumb/v6-m/nofp\libpic32c.a(data_init.o)

.text.memcpy%38
                0x00000000000016c0       0x14
 .text.memcpy   0x00000000000016c0       0x14 c:/program files/microchip/xc32/v4.60/bin/bin/../../lib/gcc/pic32c/8.3.1/../../../../pic32c/lib/thumb/v6-m/nofp\libc-size-musl.a(memcpy.o)
                0x00000000000016c0                memcpy

.rodata.__SEGGER_RTL_float32_SinCos%39
                0x00000000000016d4       0x14
 .rodata.__SEGGER_RTL_float32_SinCos
                0x00000000000016d4       0x14 c:/program files/microchip/xc32/v4.60/bin/bin/../../lib/gcc/pic32c/8.3.1/../../../../pic32c/lib/thumb/v6-m/nofp\libm-fast-emfloat.a(__SEGGER_RTL_float32_SinCos.o)
                0x00000000000016d4                __SEGGER_RTL_float32_SinCos

.text.__dinit_clear%40
                0x00000000000016e8       0x12
 .text.__dinit_clear
                0x00000000000016e8       0x12 c:/program files/microchip/xc32/v4.60/bin/bin/../../lib/gcc/pic32c/8.3.1/../../../../pic32c/lib/thumb/v6-m/nofp\libpic32c.a(pic32_data_init_clear.o)
                0x00000000000016e8                __dinit_clear
                0x00000000000016e8                __dinit_clear_needed

.text.__aeabi_fsub%41
                0x00000000000016fc       0x10
 .text.__aeabi_fsub
                0x00000000000016fc       0x10 c:/program files/microchip/xc32/v4.60/bin/bin/../../lib/gcc/pic32c/8.3.1/../../../../pic32c/lib/thumb/v6-m/nofp\libm-fast-emfloat.a(__aeabi_fsub.o)
                0x00000000000016fc                __aeabi_fsub

.text%42        0x000000000000170c        0xc
 .text          0x000000000000170c        0xc build/default/production/_ext/1171490990/exceptions.o
                0x000000000000170c                NonMaskableInt_Handler
                0x0000000000001712                HardFault_Handler

.text%43        0x0000000000001718        0xa
 .text          0x0000000000001718        0xa build/default/production/_ext/1986646378/plib_evsys.o
                0x0000000000001718                EVSYS_Initialize

.text%44        0x0000000000001722        0xa
 .text          0x0000000000001722        0xa build/default/production/_ext/1171490990/libc_syscalls.o
                0x0000000000001722                _exit

.text.__dummy_decompress%45
                0x000000000000172c        0x4
 .text.__dummy_decompress
                0x000000000000172c        0x4 c:/program files/microchip/xc32/v4.60/bin/bin/../../lib/gcc/pic32c/8.3.1/../../../../pic32c/lib/thumb/v6-m/nofp\libpic32c.a(data_init.o)
                0x000000000000172c                __dinit_decompress
                0x000000000000172c                __dinit_copy_val_data
                0x000000000000172c                __dinit_copy_emb

.text%46        0x0000000000001730        0x4
 .text          0x0000000000001730        0x4 c:/program files/microchip/xc32/v4.60/bin/bin/../../lib/gcc/pic32c/8.3.1/thumb/v6-m/nofp\libgcc.a(_dvmd_tls.o)
                0x0000000000001730                __aeabi_idiv0
                0x0000000000001730                __aeabi_ldiv0

.text%47        0x0000000000001226        0x2
 .text          0x0000000000001226        0x2 build/default/production/_ext/1171490990/interrupts.o
                0x0000000000001226                SVCall_Handler
                0x0000000000001226                DMAC_Handler
                0x0000000000001226                AC_Handler
                0x0000000000001226                SysTick_Handler
                0x0000000000001226                PendSV_Handler
                0x0000000000001226                SERCOM1_Handler
                0x0000000000001226                ADC_Handler
                0x0000000000001226                TCC1_Handler
                0x0000000000001226                SERCOM2_Handler
                0x0000000000001226                TCC0_Handler
                0x0000000000001226                RTC_Handler
                0x0000000000001226                EIC_Handler
                0x0000000000001226                WDT_Handler
                0x0000000000001226                TC4_Handler
                0x0000000000001226                USB_Handler
                0x0000000000001226                TC3_Handler
                0x0000000000001226                Dummy_Handler
                0x0000000000001226                PM_Handler
                0x0000000000001226                SERCOM5_Handler
                0x0000000000001226                TCC2_Handler
                0x0000000000001226                EVSYS_Handler
                0x0000000000001226                SERCOM3_Handler
                0x0000000000001226                SERCOM4_Handler
                0x0000000000001226                I2S_Handler
                0x0000000000001226                NVMCTRL_Handler
                0x0000000000001226                SERCOM0_Handler
                0x0000000000001226                DAC_Handler
                0x0000000000001226                PTC_Handler
                0x0000000000001226                TC5_Handler
                0x0000000000001226                SYSCTRL_Handler

.text%48        0x0000000000001386        0x2
 .text          0x0000000000001386        0x2 build/default/production/_ext/1171490990/startup_xc32.o
                0x0000000000001386                _on_reset
                0x0000000000001386                _on_bootstrap
                0x0000000000001386                __xc32_on_reset
                0x0000000000001386                Dummy_App_Func
                0x0000000000001386                __xc32_on_bootstrap

.text.__dummy_init_tls%49
                0x00000000000015de        0x2
 .text.__dummy_init_tls
                0x00000000000015de        0x2 c:/program files/microchip/xc32/v4.60/bin/bin/../../lib/gcc/pic32c/8.3.1/../../../../pic32c/lib/thumb/v6-m/nofp\libpic32c.a(data_init.o)
                0x00000000000015de                xc32_init_tls

.text.__dummy%50
                0x00000000000016aa        0x2
 .text.__dummy  0x00000000000016aa        0x2 c:/program files/microchip/xc32/v4.60/bin/bin/../../lib/gcc/pic32c/8.3.1/../../../../pic32c/lib/thumb/v6-m/nofp\libc-musl.a(__libc_start_main.o)
                0x00000000000016aa                __init_stdio
                0x00000000000016aa                __init_host

.text%z51       0x0000000000000000        0x0
 .text          0x0000000000000000        0x0 c:/program files/microchip/xc32/v4.60/bin/bin/../../lib/gcc/pic32c/8.3.1/../../../../pic32c/lib/thumb/v6-m/nofp\libpic32c.a(pic32_data_init_copy.o)

.text%z52       0x0000000000000000        0x0
 .text          0x0000000000000000        0x0 c:/program files/microchip/xc32/v4.60/bin/bin/../../lib/gcc/pic32c/8.3.1/../../../../pic32c/lib/thumb/v6-m/nofp\libpic32c.a(pic32_data_init_clear.o)

.text%z53       0x0000000000000000        0x0
 .text          0x0000000000000000        0x0 c:/program files/microchip/xc32/v4.60/bin/bin/../../lib/gcc/pic32c/8.3.1/thumb/v6-m/nofp/crtn.o

.text%z54       0x0000000000000000        0x0
 .text          0x0000000000000000        0x0 c:/program files/microchip/xc32/v4.60/bin/bin/../../lib/gcc/pic32c/8.3.1/thumb/v6-m/nofp/crtend.o

.text%z55       0x0000000000000000        0x0
 .text          0x0000000000000000        0x0 c:/program files/microchip/xc32/v4.60/bin/bin/../../lib/gcc/pic32c/8.3.1/../../../../pic32c/lib/thumb/v6-m/nofp\libc-musl.a(__environ.o)

.text%z56       0x0000000000000000        0x0
 .text          0x0000000000000000        0x0 c:/program files/microchip/xc32/v4.60/bin/bin/../../lib/gcc/pic32c/8.3.1/../../../../pic32c/lib/thumb/v6-m/nofp\libc-musl.a(libc.o)

.text%z57       0x0000000000000000        0x0
 .text          0x0000000000000000        0x0 c:/program files/microchip/xc32/v4.60/bin/bin/../../lib/gcc/pic32c/8.3.1/../../../../pic32c/lib/thumb/v6-m/nofp\libc-musl.a(__errno_location.o)

.text%z58       0x0000000000000000        0x0
 .text          0x0000000000000000        0x0 c:/program files/microchip/xc32/v4.60/bin/bin/../../lib/gcc/pic32c/8.3.1/../../../../pic32c/lib/thumb/v6-m/nofp\libc-musl.a(__libc_start_main.o)

.text%z59       0x0000000000000000        0x0
 .text          0x0000000000000000        0x0 c:/program files/microchip/xc32/v4.60/bin/bin/../../lib/gcc/pic32c/8.3.1/../../../../pic32c/lib/thumb/v6-m/nofp\libc-size-musl.a(memcpy.o)

.text%z60       0x0000000000000000        0x0
 .text          0x0000000000000000        0x0 c:/program files/microchip/xc32/v4.60/bin/bin/../../lib/gcc/pic32c/8.3.1/../../../../pic32c/lib/thumb/v6-m/nofp\libpic32c.a(data_init.o)

.text%z61       0x0000000000000000        0x0
 .text          0x0000000000000000        0x0 c:/program files/microchip/xc32/v4.60/bin/bin/../../lib/gcc/pic32c/8.3.1/thumb/v6-m/nofp/crti.o
